
Memory Configuration

Name             Origin             Length             Attributes
*default*        0x0000000000000000 0xffffffffffffffff

Linker script and memory map

LOAD test.o
LOAD //usr/lib/aarch64-linux-gnu/libc.so
START GROUP
LOAD /lib/aarch64-linux-gnu/libc.so.6
LOAD /usr/lib/aarch64-linux-gnu/libc_nonshared.a
LOAD /lib/aarch64-linux-gnu/ld-linux-aarch64.so.1
END GROUP
                [!provide]                        PROVIDE (__executable_start = SEGMENT_START ("text-segment", 0x400000))
                0x0000000000400190                . = (SEGMENT_START ("text-segment", 0x400000) + SIZEOF_HEADERS)

.interp         0x0000000000400190       0x1b
 *(.interp)
 .interp        0x0000000000400190       0x1b test.o

.note.gnu.build-id
 *(.note.gnu.build-id)

.hash           0x00000000004001b0       0x14
 *(.hash)
 .hash          0x00000000004001b0       0x14 test.o

.gnu.hash       0x00000000004001c8       0x1c
 *(.gnu.hash)
 .gnu.hash      0x00000000004001c8       0x1c test.o

.dynsym         0x00000000004001e8       0x30
 *(.dynsym)
 .dynsym        0x00000000004001e8       0x30 test.o

.dynstr         0x0000000000400218       0x1d
 *(.dynstr)
 .dynstr        0x0000000000400218       0x1d test.o

.gnu.version    0x0000000000400236        0x4
 *(.gnu.version)
 .gnu.version   0x0000000000400236        0x4 test.o

.gnu.version_d  0x0000000000400240        0x0
 *(.gnu.version_d)
 .gnu.version_d
                0x0000000000400240        0x0 test.o

.gnu.version_r  0x0000000000400240       0x20
 *(.gnu.version_r)
 .gnu.version_r
                0x0000000000400240       0x20 test.o

.rela.dyn       0x0000000000400260        0x0
 *(.rela.init)
 *(.rela.text .rela.text.* .rela.gnu.linkonce.t.*)
 *(.rela.fini)
 *(.rela.rodata .rela.rodata.* .rela.gnu.linkonce.r.*)
 *(.rela.data .rela.data.* .rela.gnu.linkonce.d.*)
 .rela.data.rel.ro
                0x0000000000400260        0x0 test.o
 *(.rela.tdata .rela.tdata.* .rela.gnu.linkonce.td.*)
 *(.rela.tbss .rela.tbss.* .rela.gnu.linkonce.tb.*)
 *(.rela.ctors)
 *(.rela.dtors)
 *(.rela.got)
 .rela.got      0x0000000000400260        0x0 test.o
 *(.rela.bss .rela.bss.* .rela.gnu.linkonce.b.*)
 .rela.bss      0x0000000000400260        0x0 test.o
 *(.rela.ifunc)

.rela.plt       0x0000000000400260       0x18
 *(.rela.plt)
 .rela.plt      0x0000000000400260       0x18 test.o
                [!provide]                        PROVIDE (__rela_iplt_start = .)
 *(.rela.iplt)
 .rela.iplt     0x0000000000400278        0x0 test.o
                [!provide]                        PROVIDE (__rela_iplt_end = .)

.init
 *(SORT_NONE(.init))

.plt            0x0000000000400280       0x30
 *(.plt)
 .plt           0x0000000000400280       0x30 test.o
                0x00000000004002a0                printf@@GLIBC_2.17
 *(.iplt)
 .iplt          0x00000000004002b0        0x0 test.o

.text           0x00000000004002b0       0x58
 *(.text.unlikely .text.*_unlikely .text.unlikely.*)
 *(.text.exit .text.exit.*)
 *(.text.startup .text.startup.*)
 *(.text.hot .text.hot.*)
 *(.text .stub .text.* .gnu.linkonce.t.*)
 .text          0x00000000004002b0       0x58 test.o
                0x00000000004002b0                _start
 *(.gnu.warning)

.fini
 *(SORT_NONE(.fini))
                [!provide]                        PROVIDE (__etext = .)
                [!provide]                        PROVIDE (_etext = .)
                [!provide]                        PROVIDE (etext = .)

.rodata
 *(.rodata .rodata.* .gnu.linkonce.r.*)

.rodata1
 *(.rodata1)

.eh_frame_hdr
 *(.eh_frame_hdr)
 *(.eh_frame_entry .eh_frame_entry.*)

.eh_frame
 *(.eh_frame)
 *(.eh_frame.*)

.gcc_except_table
 *(.gcc_except_table .gcc_except_table.*)

.gnu_extab
 *(.gnu_extab*)

.exception_ranges
 *(.exception_ranges .exception_ranges*)
                0x0000000000410e90                . = DATA_SEGMENT_ALIGN (CONSTANT (MAXPAGESIZE), CONSTANT (COMMONPAGESIZE))

.eh_frame
 *(.eh_frame)
 *(.eh_frame.*)

.gnu_extab
 *(.gnu_extab)

.gcc_except_table
 *(.gcc_except_table .gcc_except_table.*)

.exception_ranges
 *(.exception_ranges .exception_ranges*)

.tdata
 *(.tdata .tdata.* .gnu.linkonce.td.*)

.tbss
 *(.tbss .tbss.* .gnu.linkonce.tb.*)
 *(.tcommon)

.preinit_array  0x0000000000410e90        0x0
                [!provide]                        PROVIDE (__preinit_array_start = .)
 *(.preinit_array)
                [!provide]                        PROVIDE (__preinit_array_end = .)

.init_array     0x0000000000410e90        0x0
                [!provide]                        PROVIDE (__init_array_start = .)
 *(SORT_BY_INIT_PRIORITY(.init_array.*) SORT_BY_INIT_PRIORITY(.ctors.*))
 *(.init_array EXCLUDE_FILE(*crtend?.o *crtend.o *crtbegin?.o *crtbegin.o) .ctors)
                [!provide]                        PROVIDE (__init_array_end = .)

.fini_array     0x0000000000410e90        0x0
                [!provide]                        PROVIDE (__fini_array_start = .)
 *(SORT_BY_INIT_PRIORITY(.fini_array.*) SORT_BY_INIT_PRIORITY(.dtors.*))
 *(.fini_array EXCLUDE_FILE(*crtend?.o *crtend.o *crtbegin?.o *crtbegin.o) .dtors)
                [!provide]                        PROVIDE (__fini_array_end = .)

.ctors
 *crtbegin.o(.ctors)
 *crtbegin?.o(.ctors)
 *(EXCLUDE_FILE(*crtend?.o *crtend.o) .ctors)
 *(SORT_BY_NAME(.ctors.*))
 *(.ctors)

.dtors
 *crtbegin.o(.dtors)
 *crtbegin?.o(.dtors)
 *(EXCLUDE_FILE(*crtend?.o *crtend.o) .dtors)
 *(SORT_BY_NAME(.dtors.*))
 *(.dtors)

.jcr
 *(.jcr)

.data.rel.ro    0x0000000000410e90        0x0
 *(.data.rel.ro.local* .gnu.linkonce.d.rel.ro.local.*)
 *(.data.rel.ro .data.rel.ro.* .gnu.linkonce.d.rel.ro.*)
 .data.rel.ro   0x0000000000410e90        0x0 test.o

.dynamic        0x0000000000410e90      0x150
 *(.dynamic)
 .dynamic       0x0000000000410e90      0x150 test.o
                0x0000000000410e90                _DYNAMIC

.got            0x0000000000410fe0        0x8
 *(.got)
 .got           0x0000000000410fe0        0x8 test.o
                0x0000000000410fe0                _GLOBAL_OFFSET_TABLE_
 *(.igot)
                0x0000000000410fe8                . = DATA_SEGMENT_RELRO_END (., 0x18)

.got.plt        0x0000000000410fe8       0x20
 *(.got.plt)
 .got.plt       0x0000000000410fe8       0x20 test.o
 *(.igot.plt)
 .igot.plt      0x0000000000411008        0x0 test.o

.data           0x0000000000411008       0x20
                [!provide]                        PROVIDE (__data_start = .)
 *(.data .data.* .gnu.linkonce.d.*)
 .data          0x0000000000411008       0x20 test.o

.data1
 *(.data1)
                0x0000000000411028                _edata = .
                [!provide]                        PROVIDE (edata = .)
                0x0000000000411028                . = .
                0x0000000000411028                __bss_start = .
                0x0000000000411028                __bss_start__ = .

.bss            0x0000000000411028        0x0
 *(.dynbss)
 .dynbss        0x0000000000411028        0x0 test.o
 *(.bss .bss.* .gnu.linkonce.b.*)
 .bss           0x0000000000411028        0x0 test.o
 *(COMMON)
                0x0000000000411028                . = ALIGN ((. != 0x0)?0x8:0x1)
                0x0000000000411028                _bss_end__ = .
                0x0000000000411028                __bss_end__ = .
                0x0000000000411028                . = ALIGN (0x8)
                0x0000000000411028                . = SEGMENT_START ("ldata-segment", .)
                0x0000000000411028                . = ALIGN (0x8)
                0x0000000000411028                __end__ = .
                0x0000000000411028                _end = .
                [!provide]                        PROVIDE (end = .)
                0x0000000000411028                . = DATA_SEGMENT_END (.)

.stab
 *(.stab)

.stabstr
 *(.stabstr)

.stab.excl
 *(.stab.excl)

.stab.exclstr
 *(.stab.exclstr)

.stab.index
 *(.stab.index)

.stab.indexstr
 *(.stab.indexstr)

.comment
 *(.comment)

.debug
 *(.debug)

.line
 *(.line)

.debug_srcinfo
 *(.debug_srcinfo)

.debug_sfnames
 *(.debug_sfnames)

.debug_aranges
 *(.debug_aranges)

.debug_pubnames
 *(.debug_pubnames)

.debug_info
 *(.debug_info .gnu.linkonce.wi.*)

.debug_abbrev
 *(.debug_abbrev)

.debug_line
 *(.debug_line .debug_line.* .debug_line_end)

.debug_frame
 *(.debug_frame)

.debug_str
 *(.debug_str)

.debug_loc
 *(.debug_loc)

.debug_macinfo
 *(.debug_macinfo)

.debug_weaknames
 *(.debug_weaknames)

.debug_funcnames
 *(.debug_funcnames)

.debug_typenames
 *(.debug_typenames)

.debug_varnames
 *(.debug_varnames)

.debug_pubtypes
 *(.debug_pubtypes)

.debug_ranges
 *(.debug_ranges)

.debug_macro
 *(.debug_macro)

.debug_addr
 *(.debug_addr)

.ARM.attributes
 *(.ARM.attributes)
 *(.gnu.attributes)

.note.gnu.arm.ident
 *(.note.gnu.arm.ident)

/DISCARD/
 *(.note.GNU-stack)
 *(.gnu_debuglink)
 *(.gnu.lto_*)
OUTPUT(test elf64-littleaarch64)
